**********************
Windows PowerShell transcript start
Start time: 20260912203732
Username: KACOLEGION\luisk
RunAs User: KACOLEGION\luisk
Configuration Name: 
Machine: KACOLEGION (Microsoft Windows NT 10.0.26200.0)
Host Application: C:\WINDOWS\System32\WindowsPowerShell\v1.0\powershell.exe -ExecutionPolicy Bypass -File D:\Script\updateScripts.ps1
Process ID: 10160
PSVersion: 5.1.26100.9444
PSEdition: Desktop
PSCompatibleVersions: 1.0, 2.0, 3.0, 4.0, 5.0, 5.1.26100.9444
BuildVersion: 10.0.26100.9444
CLRVersion: 4.0.30319.42000
WSManStackVersion: 3.0
PSRemotingProtocolVersion: 2.3
SerializationVersion: 1.1.0.1
**********************

① Actualizando repositorio de fuentes
────────────────────────────────────────────────────────────────
Updating all sources...
Updating source: msstore...
Done
Updating source: winget...
  ██████████████████████████████  100%
Done
Updating source: winget-font...
Done

② Revisando aplicaciones con actualización pendiente
────────────────────────────────────────────────────────────────
  Se encontraron 11 aplicación(es) con actualización disponible:

  Aplicación                      Actual        Disponible
  ────────────────────────────────────────────────────────────
  Antigravity 2.12.2              2.12.2        2.13.0
  cloudflared                     2026.8.3      2026.9.1
  Docker Desktop                  4.89.0        4.90.0
  Google Chrome                   152.0.7977.83  153.0.8010.37
  LM Studio 0.4.23+1              0.4.23+1      0.4.24+1
  Microsoft GameInput             3.4.218       3.5.270
  Microsoft Visual Studio Code …  1.136.1       1.137.0
  Open Design                     0.21.1        0.22.2
  OpenCode 1.18.29                1.18.29       1.18.30
  Proton VPN                      5.1.7         5.1.8
  Telegram Desktop                7.2.5         7.2.8


③ Aplicando actualizaciones
────────────────────────────────────────────────────────────────
