**********************
Windows PowerShell transcript start
Start time: 20260912211844
Username: KACOLEGION\luisk
RunAs User: KACOLEGION\luisk
Configuration Name: 
Machine: KACOLEGION (Microsoft Windows NT 10.0.26200.0)
Host Application: C:\WINDOWS\System32\WindowsPowerShell\v1.0\powershell.exe -ExecutionPolicy Bypass -File D:\Script\updateScripts.ps1
Process ID: 24156
PSVersion: 5.1.26100.9444
PSEdition: Desktop
PSCompatibleVersions: 1.0, 2.0, 3.0, 4.0, 5.0, 5.1.26100.9444
BuildVersion: 10.0.26100.9444
CLRVersion: 4.0.30319.42000
WSManStackVersion: 3.0
PSRemotingProtocolVersion: 2.3
SerializationVersion: 1.1.0.1
**********************

① Actualizando repositorio de fuentes
────────────────────────────────────────────────────────────────
Updating all sources...
Updating source: msstore...
Done
Updating source: winget...
  ██████████████████████████████  100%
Done
Updating source: winget-font...
Done

② Revisando aplicaciones con actualización pendiente
────────────────────────────────────────────────────────────────
  Se encontraron  aplicación(es) con actualización disponible:

  Aplicación       Actual        Disponible
  ─────────────────────────────────────────────
  Google Chrome    152.0.7977.83  153.0.8010.37


③ Aplicando actualizaciones
────────────────────────────────────────────────────────────────

╔══════════════════════════════════════════════════════════════╗
║  ✖ ERROR DURANTE LA ACTUALIZACIÓN                            ║
║  Attempted to divide by zero.                                ║
║  Tiempo total: 00:05                                         ║
║  Log: D:\Script\logs\update-2026-09-12_21-18-44.log          ║
╚══════════════════════════════════════════════════════════════╝

**********************
Windows PowerShell transcript end
End time: 20260912211849
**********************
