**********************
Windows PowerShell transcript start
Start time: 20260919203210
Username: KACOLEGION\luisk
RunAs User: KACOLEGION\luisk
Configuration Name: 
Machine: KACOLEGION (Microsoft Windows NT 10.0.26200.0)
Host Application: C:\WINDOWS\System32\WindowsPowerShell\v1.0\powershell.exe -ExecutionPolicy Bypass -File D:\Script\updateScripts.ps1
Process ID: 10848
PSVersion: 5.1.26100.9444
PSEdition: Desktop
PSCompatibleVersions: 1.0, 2.0, 3.0, 4.0, 5.0, 5.1.26100.9444
BuildVersion: 10.0.26100.9444
CLRVersion: 4.0.30319.42000
WSManStackVersion: 3.0
PSRemotingProtocolVersion: 2.3
SerializationVersion: 1.1.0.1
**********************

① Actualizando repositorio de fuentes
────────────────────────────────────────────────────────────────
Updating all sources...
Updating source: msstore...
Done
Updating source: winget...
  ██████████████████████████████  100%
Done
Updating source: winget-font...
Done

② Revisando aplicaciones con actualización pendiente
────────────────────────────────────────────────────────────────
  Se encontraron 7 aplicación(es) con actualización disponible:

  Aplicación                      Actual        Disponible
  ────────────────────────────────────────────────────────────
  Google Chrome                   153.0.8010.48  153.0.8010.53
  LM Studio 0.4.24+1              0.4.24+1      0.4.25+1
  Microsoft Edge                  153.0.4234.32  153.0.4234.48
  Microsoft Visual Studio Code …  1.137.0       1.138.0
  pgAdmin 4 version 9.17          9.17          9.18
  Smart Connect                   9.0.2.004.000  9.0.3.013.000
  Telegram Desktop                7.2.8         7.2.9


③ Aplicando actualizaciones
────────────────────────────────────────────────────────────────
