**********************
Windows PowerShell transcript start
Start time: 20260926073439
Username: KACOLEGION\luisk
RunAs User: KACOLEGION\luisk
Configuration Name: 
Machine: KACOLEGION (Microsoft Windows NT 6.2.9200.0)
Host Application: D:\Script\ActualizarApps\ActualizarApps.exe
Process ID: 23084
PSVersion: 5.1.26100.9444
PSEdition: Desktop
PSCompatibleVersions: 1.0, 2.0, 3.0, 4.0, 5.0, 5.1.26100.9444
BuildVersion: 10.0.26100.9444
CLRVersion: 4.0.30319.42000
WSManStackVersion: 3.0
PSRemotingProtocolVersion: 2.3
SerializationVersion: 1.1.0.1
**********************

① Actualizando repositorio de fuentes
────────────────────────────────────────────────────────────────

② Revisando aplicaciones con actualización pendiente
────────────────────────────────────────────────────────────────
  Se encontraron 10 aplicación(es) con actualización disponible:

  Aplicación                      Actual        Disponible
  ────────────────────────────────────────────────────────────
  AnyDesk                         ad 9.7.15     9.7.16
  cloudflared                     2026.9.1      2026.9.3
  Epic Games Launcher             1.3.193.0     1.3.210.0
  Google Chrome                   153.0.8010.53  154.0.8037.58
  Microsoft Edge                  153.0.4234.48  154.0.4258.37
  Microsoft GameInput             3.5.270.0     3.5.278
  Microsoft Visual Studio Code …  1.138.0       1.139.1
  Open Design                     0.22.2        0.24.1
  OpenCode 1.18.31                1.18.31       1.18.32
  Oracle VirtualBox 7.2.18        7.2.18        7.2.20


③ Aplicando actualizaciones
────────────────────────────────────────────────────────────────
  ✔ AnyDesk                        (00:21)
  ✔ cloudflared                    (00:06)
  ✔ Epic Games Launcher            (01:59)
  ✔ Google Chrome                  (04:36)
  ✖ Microsoft Edge                 (00:01)
  ✔ Microsoft GameInput            (00:33)
  ✔ Microsoft Visual Studio Code (User) (01:16)
  ✔ Open Design                    (02:15)
  ✔ OpenCode 1.18.31               (00:48)
  ✔ Oracle VirtualBox 7.2.18       (01:00)

⚠ Aplicaciones con errores
────────────────────────────────────────────────────────────────
  ✖ Microsoft Edge                 código -1978335090

╔══════════════════════════════════════════════════════════════╗
║  ⚠ PROCESO FINALIZADO CON AVISOS                             ║
║  1 de 10 fallaron.                                           ║
║  Tiempo total: 13:04                                         ║
║  Log: D:\Script\ActualizarApps\logs\update-2026-09-26_07-34-39.log║
╚══════════════════════════════════════════════════════════════╝

**********************
Windows PowerShell transcript end
End time: 20260926074744
**********************
