**********************
Windows PowerShell transcript start
Start time: 20260912210832
Username: KACOLEGION\luisk
RunAs User: KACOLEGION\luisk
Configuration Name: 
Machine: KACOLEGION (Microsoft Windows NT 10.0.26200.0)
Host Application: C:\WINDOWS\System32\WindowsPowerShell\v1.0\powershell.exe -ExecutionPolicy Bypass -File D:\Script\updateScripts.ps1
Process ID: 10128
PSVersion: 5.1.26100.9444
PSEdition: Desktop
PSCompatibleVersions: 1.0, 2.0, 3.0, 4.0, 5.0, 5.1.26100.9444
BuildVersion: 10.0.26100.9444
CLRVersion: 4.0.30319.42000
WSManStackVersion: 3.0
PSRemotingProtocolVersion: 2.3
SerializationVersion: 1.1.0.1
**********************

① Actualizando repositorio de fuentes
────────────────────────────────────────────────────────────────
Updating all sources...
Updating source: msstore...
Done
Updating source: winget...
Done
Updating source: winget-font...
Done

② Revisando aplicaciones con actualización pendiente
────────────────────────────────────────────────────────────────
  Se encontraron 7 aplicación(es) con actualización disponible:

  Aplicación                      Actual        Disponible
  ────────────────────────────────────────────────────────────
  Google Chrome                   152.0.7977.83  153.0.8010.37
  LM Studio 0.4.23+1              0.4.23+1      0.4.24+1
  Microsoft GameInput             3.4.218       3.5.270
  Microsoft Visual Studio Code …  1.136.1       1.137.0
  Open Design                     0.21.1        0.22.2
  OpenCode 1.18.29                1.18.29       1.18.30
  Proton VPN                      5.1.7         5.1.8


③ Aplicando actualizaciones
────────────────────────────────────────────────────────────────
  ✖ Google Chrome                  (00:03)
  ✔ LM Studio 0.4.23+1             (03:19)
  ✔ Microsoft GameInput            (00:25)
  ✔ Microsoft Visual Studio Code (User) (01:18)
  ✔ Open Design                    (01:42)
  ✔ OpenCode 1.18.29               (00:32)
  ✔ Proton VPN                     (00:49)

⚠ Aplicaciones con errores
────────────────────────────────────────────────────────────────
  ✖ Google Chrome                  código -1978335229

╔══════════════════════════════════════════════════════════════╗
║  ⚠ PROCESO FINALIZADO CON AVISOS                             ║
║  1 de 7 fallaron.                                            ║
║  Tiempo total: 08:13                                         ║
║  Log: D:\Script\logs\update-2026-09-12_21-08-31.log          ║
╚══════════════════════════════════════════════════════════════╝

**********************
Windows PowerShell transcript end
End time: 20260912211645
**********************
